[codingfeat.com/wpthemes/ena/index.html]
[codingfeat.com/wpthemes/ena/wp-content/cache/minify/000000/M9BPzUvUTy4u1k_LzyvRTSxPLc7PTdXLzcwDAA.css]
[codingfeat.com/wpthemes/ena/wp-content/cache/minify/000000/hc_NDsIgDAfwF7IS4mHzcWrpZg0DpCW4t5fMi7dd2uSfX_rhnYpxrrJKgoKJozpSdUvNyS7eIRGrljoKWBczrrAwhwO93o3rfn18NErgesaPmZzCqRtMB6LRkQyWXDeYnCSKLfDvPrU9sl56sSdvI-OE]
[backblue.gif]
[fade.gif]
[index.html]
[codingfeat.com/wpthemes/ena/wp-content/cache/minify/000000/bcpBCsMwDAXRC9V2rqS6343AkkwkE3r7LgLFhG7fzFagVKp7EXorN65p2Jjjsf2CnT1XOmw6-o1jhyC_0Gj2WFozjUQn3ASJlIWCTbOwLtPluInzn_VpFh4HjcU9Ph1f.css]
[codingfeat.com/wpthemes/ena/xmlrpc0db0.php]
[codingfeat.com/wpthemes/ena/wp-content/cache/minify/000000/jY7hCsMgDIRfqFa6N3J6bhma2Rixe_ulMNjfQshx5L4js-kTFd2Dg5_NEccykvmXzT4gn58s82rSVXpIUKyVeNl8iBG9N7HldJIqxGUg_bn1fvRCCXKByPJmBSeL2Q8CJQ7udpynRlGHIFMpZ9EX.3.d]
[codingfeat.com/wpthemes/ena/indexd784.html]
[codingfeat.com/wpthemes/ena/indexa6da.html]
[codingfeat.com/wpthemes/ena/index52f0.html]
[codingfeat.com/wpthemes/ena/wp-includes/wlwmanifest.xml]
[codingfeat.com/wpthemes/ena/wp-content/uploads/2016/05/logo_dark.png]
[codingfeat.com/wpthemes/ena/wp-content/uploads/2016/05/logo_light.png]
[codingfeat.com/wpthemes/ena/indexc419.html]
[codingfeat.com/wpthemes/ena/indexf9fd.html]
[codingfeat.com/wpthemes/ena/wp-content/uploads/2016/05/fullscreen_image.jpg]
[codingfeat.com/wpthemes/ena/wp-content/themes/ena/img/mouse_icon.png]
[codingfeat.com/wpthemes/ena/index1df3.html]
[codingfeat.com/wpthemes/ena/wp-content/uploads/2016/05/avatar.jpg]
[codingfeat.com/wpthemes/ena/indexcb20.html]
[codingfeat.com/wpthemes/ena/wp-content/uploads/2016/05/signature.png]
[codingfeat.com/wpthemes/ena/wp-content/uploads/2016/05/me.jpg]
[codingfeat.com/wpthemes/ena/wp-content/uploads/2016/05/testimonials.jpg]
[codingfeat.com/wpthemes/ena/wp-content/uploads/2016/05/1.jpg]
[codingfeat.com/wpthemes/ena/wp-content/uploads/2016/05/2.jpg]
[codingfeat.com/wpthemes/ena/wp-content/uploads/2016/05/3.jpg]
[codingfeat.com/wpthemes/ena/wp-content/uploads/2016/05/portfolio6.jpg]
[codingfeat.com/wpthemes/ena/wp-content/uploads/2016/05/portfolio2.jpg]
[codingfeat.com/wpthemes/ena/wp-content/uploads/2016/05/portfolio3.jpg]
[codingfeat.com/wpthemes/ena/index8106.html]
[codingfeat.com/wpthemes/ena/indexf570.html]
[codingfeat.com/wpthemes/ena/wp-content/uploads/2016/05/portfolio4.jpg]
[codingfeat.com/wpthemes/ena/index9364.html]
[codingfeat.com/wpthemes/ena/wp-content/uploads/2016/05/portfolio5.jpg]
[codingfeat.com/wpthemes/ena/index116c.html]
[codingfeat.com/wpthemes/ena/wp-content/uploads/2016/05/8.png]
[codingfeat.com/wpthemes/ena/index910d.html]
[codingfeat.com/wpthemes/ena/wp-content/uploads/2016/05/4.png]
[codingfeat.com/wpthemes/ena/index45c5.html]
[codingfeat.com/wpthemes/ena/wp-content/uploads/2016/05/7.png]
[codingfeat.com/wpthemes/ena/wp-content/uploads/2016/05/3.png]
[codingfeat.com/wpthemes/ena/wp-content/uploads/2016/05/6.png]
[codingfeat.com/wpthemes/ena/wp-content/uploads/2016/05/2.png]
[codingfeat.com/wpthemes/ena/wp-content/uploads/2016/05/5.png]
[codingfeat.com/wpthemes/ena/wp-content/uploads/2016/05/1.png]
[codingfeat.com/wpthemes/ena/wp-content/uploads/2016/05/3-1.jpg]
[codingfeat.com/wpthemes/ena/wp-content/uploads/2016/05/2-1.jpg]
[codingfeat.com/wpthemes/ena/index5a95.html]
[codingfeat.com/wpthemes/ena/wp-content/uploads/2016/05/4.jpg]
[codingfeat.com/wpthemes/ena/indexeb73.html]
[codingfeat.com/wpthemes/ena/index7286.html]
[codingfeat.com/wpthemes/ena/wp-content/uploads/2016/05/contact.jpg]
[codingfeat.com/wpthemes/ena/index8ef1.html]
[codingfeat.com/wpthemes/ena/wp-content/cache/minify/000000/M9RPzs8rSUwu0U3LL8rVNdfPzEvOKU1JLdbPAqLC0tSiSj2QjF5uZh4A.js]
[codingfeat.com/wpthemes/ena/wp-content/cache/minify/000000/M9BPzUvUzyrWzyosTS2q1CvOzEvPSQ1ITE_1SyzTy83MAwA.js]
[codingfeat.com/wpthemes/ena/wp-content/cache/minify/000000/bczbDsIwCAbgF3KrXvk8WNGxtMCAZvPtzRKTpert9x8uKQsH5BgeYnW4JuJc2h09zZ48G2n46ZyQYYcqphNuMVbiQ-elob1GXBqUCek5hfeFClog49_VCi8V4u_JJ83SONCa_iSgimAHy1rGDCbNsfRX]
[codingfeat.com/wpthemes/ena/wp-content/cache/minify/000000/bctBDoAgDAXRCykQb4T0S6pCK8hCT280MW5cvxlnkb2dq-UquyiMLpFM4ty5V-atoRwm-Zh54tCraNPfhDBKywFUUPnE5w-v4glluM8L.js]
[codingfeat.com/wpthemes/ena/wp-content/cache/minify/000000/M9BPzUvUzyrWL04uyiwoKQYA.js]
[codingfeat.com/wpthemes/ena/wp-content/cache/minify/000000/Ky8oyUjNTS3WT81L1C8v0M3MS84pTQHys4pB3NTcpNQUvdzMPAA.js]
[codingfeat.com/wpthemes/ena/wp-content/cache/minify/000000/M9QvzixJzS_KTM_M0y1IzEvNKdbPKtYvLqnMycxL1zUy0cvNzNMxxKEKWbAoMScnsQKkHAA.js]
[codingfeat.com/wpthemes/ena/index.html]
[codingfeat.com/wpthemes/ena/wp-content/plugins/accesspress-twitter-feed/css/images/bx_loader.gif]
[codingfeat.com/wpthemes/ena/wp-content/plugins/accesspress-twitter-feed/css/images/prev.png]
[codingfeat.com/wpthemes/ena/wp-content/plugins/accesspress-twitter-feed/css/images/next.png]
[codingfeat.com/wpthemes/ena/wp-content/plugins/accesspress-twitter-feed/css/images/controls.png]
[codingfeat.com/wpthemes/ena/wp-content/plugins/accesspress-twitter-feed/css/fonts/WebSymbols-Regulard41d.eot]
[codingfeat.com/wpthemes/ena/wp-content/plugins/accesspress-twitter-feed/css/fonts/WebSymbols-Regular.woff]
[codingfeat.com/wpthemes/ena/wp-content/cache/minify/000000/hc_NDsIgDAfwF7IS4mHzcWrpZg0DpCW4t5fMi7dd2uSfX_rhnYpxrrJKgoKJozpSdUvNyS7eIRGrljoKWBczrrAwhwO93o3rfn18NErgesaPmZzCqRtMB6LRkQyWXDeYnCSKLfDvPrU9sl56sSdvI-OE]
[codingfeat.com/wpthemes/ena/wp-content/plugins/accesspress-twitter-feed/css/fonts/WebSymbols-Regular.svg]
[codingfeat.com/wpthemes/ena/wp-content/themes/ena/fonts/fontawesome-webfont5b62.eot]
[codingfeat.com/wpthemes/ena/wp-content/themes/ena/fonts/fontawesome-webfontd41d.eot]
[codingfeat.com/wpthemes/ena/wp-content/themes/ena/fonts/fontawesome-webfont5b62.woff]
[codingfeat.com/wpthemes/ena/wp-content/cache/minify/000000/M9BPzUvUTy4u1k_LzyvRTSxPLc7PTdXLzcwDAA.css]
[codingfeat.com/wpthemes/ena/wp-content/themes/ena/fonts/glyphicons-halflings-regular.eot]
[codingfeat.com/wpthemes/ena/wp-content/themes/ena/fonts/fontawesome-webfont5b62.svg]
[codingfeat.com/wpthemes/ena/wp-content/themes/ena/fonts/glyphicons-halflings-regulard41d.eot]
[codingfeat.com/wpthemes/ena/wp-content/themes/ena/fonts/glyphicons-halflings-regular.woff]
[codingfeat.com/wpthemes/ena/wp-content/themes/ena/fonts/glyphicons-halflings-regular.svg]
[codingfeat.com/wpthemes/ena/wp-content/cache/minify/000000/bcpBCsMwDAXRC9V2rqS6343AkkwkE3r7LgLFhG7fzFagVKp7EXorN65p2Jjjsf2CnT1XOmw6-o1jhyC_0Gj2WFozjUQn3ASJlIWCTbOwLtPluInzn_VpFh4HjcU9Ph1f.css]
[codingfeat.com/wpthemes/ena/wp-content/cache/minify/000000/jY7hCsMgDIRfqFa6N3J6bhma2Rixe_ulMNjfQshx5L4js-kTFd2Dg5_NEccykvmXzT4gn58s82rSVXpIUKyVeNl8iBG9N7HldJIqxGUg_bn1fvRCCXKByPJmBSeL2Q8CJQ7udpynRlGHIFMpZ9EX.3.d]
[codingfeat.com/wpthemes/ena/wp-content/cache/minify/000000/M9BPzUvUTy4u1k_Kzy8pLilKLNDLzcwDAA.css]
[codingfeat.com/wpthemes/ena/wp-content/cache/minify/000000/hY3RDsIwCEV_aF3dk9-DlCqmpbPQzP29jUazLFFfIDn3wJ08IJLqXPtwtrAZVReJgkdVf701qut4umviQHWYfuuxFjGS8NfrmnYJ-wY0F0vN7uhZMLVA-nTU1kQ6HDwJfI4cLKQl05hZNlGGs3BkdHOZ]
[codingfeat.com/wpthemes/ena/wp-content/cache/minify/000000/M9BPzUvULy6pzEkFAA.css]
[codingfeat.com/wpthemes/ena/wp-content/uploads/2016/05/topimage.jpg]
[codingfeat.com/wpthemes/ena/wp-login.html]
[codingfeat.com/wpthemes/ena/index1df3.html]
[codingfeat.com/wpthemes/ena/indexdaf4.html]
[codingfeat.com/wpthemes/ena/index1c8d.html]
[codingfeat.com/wpthemes/ena/indexfbf2.html]
[codingfeat.com/wpthemes/ena/wp-content/cache/minify/000000/M9BPzUvUTy4u1k_LzyvRTSxPLc7PTdVNzMvMTSzJzM_Ty83MAwA.css]
[codingfeat.com/wpthemes/ena/indexcd64.html]
[codingfeat.com/wpthemes/ena/wp-content/cache/minify/000000/M9BPzUvUTy4u1k_My8xNLEnVMUARKc4syczP08vNzEOSSMrPLykuKUosQBIvLqnMSQUA.css]
[codingfeat.com/wpthemes/ena/indexd0c1.html]
[codingfeat.com/wpthemes/ena/index905c.html]
[codingfeat.com/wpthemes/ena/wp-content/cache/minify/000000/M9QvzixJzS_KTM_M0y1IzEvNKdbPKtYvLqnMycxL1zUy0cvNzAMA.js]
[codingfeat.com/wpthemes/ena/indexcb20.html]
[codingfeat.com/wpthemes/ena/index5e74.html]
[codingfeat.com/wpthemes/ena/indexec4a.html]
[codingfeat.com/wpthemes/ena/indexa09e.html]
[codingfeat.com/wpthemes/ena/index7760.html]
[codingfeat.com/wpthemes/ena/indexa561.html]
[codingfeat.com/wpthemes/ena/indexb31a.html]
[codingfeat.com/wpthemes/ena/wp-content/uploads/2016/05/portfolio1.jpg]
[codingfeat.com/wpthemes/ena/index32ff.html]
[codingfeat.com/wpthemes/ena/index8106.html]
[codingfeat.com/wpthemes/ena/indexf7a0.html]
[codingfeat.com/wpthemes/ena/index20c4.html]
[codingfeat.com/wpthemes/ena/indexf570.html]
[codingfeat.com/wpthemes/ena/index9e80.html]
[codingfeat.com/wpthemes/ena/index4e39.html]
[codingfeat.com/wpthemes/ena/wp-content/cache/minify/000000/hY7NDsIwDINfiK7sxPOE1h1B_aNJNfb2VENCE5ddHMn-Ynm2worSeOFsKmVEsU7EhlayXmZLzkGktiFGV1ZFMwHwO_R8dbRtur8lskc7w_dOZH_KDUwG5MYlpyaUlszNcnaxe3z3iW4RcrlaZPo9GVoh]
[codingfeat.com/wpthemes/ena/index9364.html]
[codingfeat.com/wpthemes/ena/indexbb18.html]
[codingfeat.com/wpthemes/ena/index116c.html]
[codingfeat.com/wpthemes/ena/index8c6c.html]
[codingfeat.com/wpthemes/ena/index910d.html]
[codingfeat.com/wpthemes/ena/indexb2cc.html]
[codingfeat.com/wpthemes/ena/index45c5.html]
[codingfeat.com/wpthemes/ena/index8d4e.html]
[codingfeat.com/wpthemes/ena/index623f.html]
[codingfeat.com/wpthemes/ena/index98c3.html]
[codingfeat.com/wpthemes/ena/index3e68.html]
[codingfeat.com/wpthemes/ena/index16bc.html]
[codingfeat.com/wpthemes/ena/wp-content/cache/minify/000000/M9RPzM4szk0t0Y_PzEvWT8svytUx1E_OzytJTC7RBXF1zfWBMjmlKanF-llAVFiaWlSpB5LRy83MAwA.js]
[codingfeat.com/wpthemes/ena/wp-content/cache/minify/000000/bYxJDsIwEAQ_FNsRPzJ2EyZ4FrwoCq8nROKAxLFV1TUHSAxrC9S0q8HbY8meSab5S9bnQN09x0XoRsmZ2rC_SsZVhyTkikYvTJv1Oxjt1DZzJKmMfOzjkpQZ0l2Flf23dsaKxox6-ZA3.js]
[codingfeat.com/wpthemes/ena/index5a95.html]
[codingfeat.com/wpthemes/ena/index63d2.html]
[codingfeat.com/wpthemes/ena/index4bcb.html]
[codingfeat.com/wpthemes/ena/indexeb73.html]
[codingfeat.com/wpthemes/ena/index12bf.html]
[codingfeat.com/wpthemes/ena/index7286.html]
[codingfeat.com/wpthemes/ena/index8ef1.html]
[codingfeat.com/wpthemes/ena/indexbe5f.html]
[codingfeat.com/wpthemes/ena/wp-content/cache/minify/000000/M9RPzs8rSUwu0U3LL8rVNdfPzEvOKU1JLdbPAqLC0tSiSj2QjF5uZh4A.js]
[codingfeat.com/wpthemes/ena/index065c.html]
[codingfeat.com/wpthemes/ena/indexc611.html]
[codingfeat.com/wpthemes/ena/wp-content/cache/minify/000000/bczbDsIwCAbgF3KrXvk8WNGxtMCAZvPtzRKTpert9x8uKQsH5BgeYnW4JuJc2h09zZ48G2n46ZyQYYcqphNuMVbiQ-elob1GXBqUCek5hfeFClog49_VCi8V4u_JJ83SONCa_iSgimAHy1rGDCbNsfRX]
[codingfeat.com/wpthemes/ena/index1bad.html]
[codingfeat.com/wpthemes/ena/index2c8b.html]
[codingfeat.com/wpthemes/ena/wp-content/cache/minify/000000/M9BPzUvUzyrWzyosTS2q1CvOzEvPSQ1ITE_1SyzTy83MAwA.js]
[codingfeat.com/wpthemes/ena/index91bc.html]
[codingfeat.com/wpthemes/ena/index8615.html]
[codingfeat.com/wpthemes/ena/indexa451.html]
[codingfeat.com/wpthemes/ena/index7c39.html]
[codingfeat.com/wpthemes/ena/index3390.html]
[codingfeat.com/wpthemes/ena/indexe1a5.html]
[codingfeat.com/wpthemes/ena/indexf172.html]
[codingfeat.com/wpthemes/ena/wp-content/cache/minify/000000/bctBDoAgDAXRCykQb4T0S6pCK8hCT280MW5cvxlnkb2dq-UquyiMLpFM4ty5V-atoRwm-Zh54tCraNPfhDBKywFUUPnE5w-v4glluM8L.js]
[codingfeat.com/wpthemes/ena/indexf8d2.html]
[codingfeat.com/wpthemes/ena/indexd08c.html]
[codingfeat.com/wpthemes/ena/wp-content/cache/minify/000000/M9BPzUvUzyrWL04uyiwoKQYA.js]
[codingfeat.com/wpthemes/ena/wp-content/cache/minify/000000/Ky8oyUjNTS3WT81L1C8v0M3MS84pTQHys4pB3NTcpNQUvdzMPAA.js]
[codingfeat.com/wpthemes/ena/wp-content/cache/minify/000000/M9QvzixJzS_KTM_M0y1IzEvNKdbPKtYvLqnMycxL1zUy0cvNzNMxxKEKWbAoMScnsQKkHAA.js]
[codingfeat.com/wpthemes/ena/wp-content/plugins/accesspress-twitter-feed/css/fonts/WebSymbols-Regular.html]
[codingfeat.com/wpthemes/ena/wp-content/plugins/accesspress-twitter-feed/css/fonts/WebSymbols-Regular.svg]
[codingfeat.com/wpthemes/ena/wp-content/themes/ena/fonts/fontawesome-webfont5b62.html]
[codingfeat.com/wpthemes/ena/wp-content/themes/ena/fonts/fontawesome-webfont5b62-2.html]
[codingfeat.com/wpthemes/ena/index2c1d.html]
[codingfeat.com/wpthemes/ena/wp-content/themes/ena/fonts/fontawesome-webfont5b62.svg]
[codingfeat.com/wpthemes/ena/wp-content/themes/ena/css/owl.video.play.html]
[codingfeat.com/wpthemes/ena/wp-content/themes/ena/fonts/glyphicons-halflings-regular.html]
[codingfeat.com/wpthemes/ena/wp-content/themes/ena/fonts/glyphicons-halflings-regular-2.html]
[codingfeat.com/wpthemes/ena/wp-content/themes/ena/fonts/glyphicons-halflings-regular.svg]
[codingfeat.com/wpthemes/ena/wp-content/themes/img/me.html]
[codingfeat.com/wpthemes/ena/wp-content/themes/img/contact.html]
[codingfeat.com/wpthemes/ena/wp-content/cache/minify/000000/hY3RDsIwCEV_aF3dk9-DlCqmpbPQzP29jUazLFFfIDn3wJ08IJLqXPtwtrAZVReJgkdVf701qut4umviQHWYfuuxFjGS8NfrmnYJ-wY0F0vN7uhZMLVA-nTU1kQ6HDwJfI4cLKQl05hZNlGGs3BkdHOZ]
[codingfeat.com/wpthemes/ena/wp-content/cache/minify/000000/M9BPzUvUTy4u1k_Kzy8pLilKLNDLzcwDAA.css]
[codingfeat.com/wpthemes/ena/wp-content/cache/minify/000000/M9BPzUvULy6pzEkFAA.css]
[codingfeat.com/wpthemes/ena/indexdaf4.html]
[codingfeat.com/wpthemes/ena/indexae0d.html]
[codingfeat.com/wpthemes/ena/indexa6cd.html]
[codingfeat.com/wpthemes/ena/index1c8d.html]
[codingfeat.com/wpthemes/ena/indexfbf2.html]
[codingfeat.com/wpthemes/ena/index7834.html]
[codingfeat.com/wpthemes/ena/indexc7c8.html]
[codingfeat.com/wpthemes/ena/indexcd64.html]
[codingfeat.com/wpthemes/ena/index04f2.html]
[codingfeat.com/wpthemes/ena/indexaa34.html]
[codingfeat.com/wpthemes/ena/wp-content/uploads/2016/05/1-1.jpg]
[codingfeat.com/wpthemes/ena/indexd0c1.html]
[codingfeat.com/wpthemes/ena/index0dcb.html]
[codingfeat.com/wpthemes/ena/wp-content/cache/minify/000000/hc1RDgIhDATQC1kJ8WPX49RS1hoWkJbg3l6yB9CfmWTykvEOiVi1thlgQ8y4QWQOjlTd6925HdfHR5MEbhf_m8dWsnEOf91kOhHNRjKIpe2wOMmUemA9jdqRWC-j2pP3uXFGNyrQ-WCu11QwTCbGpckm]
[codingfeat.com/wpthemes/ena/index0104.html]
[codingfeat.com/wpthemes/ena/index905c.html]
[codingfeat.com/wpthemes/ena/index78a0.html]
[codingfeat.com/wpthemes/ena/indexf9b5.html]
[codingfeat.com/wpthemes/ena/indexc171.html]
[codingfeat.com/wpthemes/ena/indexa09e.html]
[codingfeat.com/wpthemes/ena/indexec4a.html]
[codingfeat.com/wpthemes/ena/index5e74.html]
[codingfeat.com/wpthemes/ena/index7760.html]
[codingfeat.com/wpthemes/ena/indexba55.html]
[codingfeat.com/wpthemes/ena/indexa561.html]
[codingfeat.com/wpthemes/ena/indexdd1c.html]
[codingfeat.com/wpthemes/ena/index8164.html]
[codingfeat.com/wpthemes/ena/indexb31a.html]
[codingfeat.com/wpthemes/ena/index61ed.html]
[codingfeat.com/wpthemes/ena/indexc862.html]
[codingfeat.com/wpthemes/ena/index7e31.html]
[codingfeat.com/wpthemes/ena/index2155.html]
[codingfeat.com/wpthemes/ena/wp-loginc2b6.html]
[codingfeat.com/wpthemes/ena/wp-admin/load-stylesa9dc.css]
[codingfeat.com/wpthemes/ena/wp-login.html]
[codingfeat.com/wpthemes/ena/index32ff.html]
[codingfeat.com/wpthemes/ena/indexf7a0.html]
[codingfeat.com/wpthemes/ena/index20c4.html]
[codingfeat.com/wpthemes/ena/index822d.html]
[codingfeat.com/wpthemes/ena/indexc881.html]
[codingfeat.com/wpthemes/ena/index9e80.html]
[codingfeat.com/wpthemes/ena/index4e39.html]
[codingfeat.com/wpthemes/ena/wp-content/cache/minify/000000/hY7NDsIwDINfiK7sxPOE1h1B_aNJNfb2VENCE5ddHMn-Ynm2worSeOFsKmVEsU7EhlayXmZLzkGktiFGV1ZFMwHwO_R8dbRtur8lskc7w_dOZH_KDUwG5MYlpyaUlszNcnaxe3z3iW4RcrlaZPo9GVoh]
[codingfeat.com/wpthemes/ena/wp-content/cache/minify/000000/M9BPzUvUTy4u1k_LzyvRTSxPLc7PTdVNzMvMTSzJzM_Ty83MAwA.css]
[codingfeat.com/wpthemes/ena/wp-content/cache/minify/000000/M9BPzUvUTy4u1k_My8xNLEnVMUARKc4syczP08vNzEOSSMrPLykuKUosQBIvLqnMSQUA.css]
[codingfeat.com/wpthemes/ena/index0eba.html]
[codingfeat.com/wpthemes/ena/wp-content/cache/minify/000000/M9QvzixJzS_KTM_M0y1IzEvNKdbPKtYvLqnMycxL1zUy0cvNzAMA.js]
[codingfeat.com/wpthemes/ena/index31a3.html]
[codingfeat.com/wpthemes/ena/index8b4e.html]
[codingfeat.com/wpthemes/ena/index9751.html]
[codingfeat.com/wpthemes/ena/index5070.html]
[codingfeat.com/wpthemes/ena/indexb8c4.html]
[codingfeat.com/wpthemes/ena/index7737.html]
[codingfeat.com/wpthemes/ena/category/uncategorized.html]
[codingfeat.com/wpthemes/ena/wp-content/cache/minify/000000/M9RPzM4szk0t0Y_PzEvWT8svytUx1E_OzytJTC7RBXF1zfWBMjmlKanF-llAVFiaWlSpB5LRy83MAwA.js]
[codingfeat.com/wpthemes/ena/wp-content/cache/minify/000000/bYxJDsIwEAQ_FNsRPzJ2EyZ4FrwoCq8nROKAxLFV1TUHSAxrC9S0q8HbY8meSab5S9bnQN09x0XoRsmZ2rC_SsZVhyTkikYvTJv1Oxjt1DZzJKmMfOzjkpQZ0l2Flf23dsaKxox6-ZA3.js]
[codingfeat.com/wpthemes/ena/indexf8d2.html]
[codingfeat.com/wpthemes/ena/indexa6cd.html]
[codingfeat.com/wpthemes/ena/Popover requires tooltip.html]
[codingfeat.com/wpthemes/ena/ImageLoaded.html]
[codingfeat.com/wpthemes/ena/Image.html]
[codingfeat.com/wpthemes/ena/indexbbbf.html]
[codingfeat.com/wpthemes/ena/indexa80c.html]
[codingfeat.com/wpthemes/ena/index9c2b.html]
[codingfeat.com/wpthemes/ena/wp-content/cache/minify/000000/hc1RDgIhDATQC1kJ8WPX49RS1hoWkJbg3l6yB9CfmWTykvEOiVi1thlgQ8y4QWQOjlTd6925HdfHR5MEbhf_m8dWsnEOf91kOhHNRjKIpe2wOMmUemA9jdqRWC-j2pP3uXFGNyrQ-WCu11QwTCbGpckm]
[codingfeat.com/wpthemes/ena/indexc171.html]
[codingfeat.com/wpthemes/ena/indexc9f2.html]
[codingfeat.com/wpthemes/ena/indexf9b5.html]
[codingfeat.com/wpthemes/ena/indexba55.html]
[codingfeat.com/wpthemes/ena/index61ed.html]
[codingfeat.com/wpthemes/ena/indexa600.html]
[codingfeat.com/wpthemes/ena/indexf325.html]
[codingfeat.com/wpthemes/ena/index2155.html]
[codingfeat.com/wpthemes/ena/indexd409.html]
[codingfeat.com/wpthemes/ena/wp-includes/fonts/dashicons.eot]
[codingfeat.com/wpthemes/ena/wp-admin/images/loading.gif]
[codingfeat.com/wpthemes/ena/index412a.html]
[codingfeat.com/wpthemes/ena/wp-admin/images/w-logo-blue7a53.png]
[codingfeat.com/wpthemes/ena/wp-admin/images/wordpress-logo7d6b.svg]
[codingfeat.com/wpthemes/ena/wp-admin/load-stylesa9dc.css]
[codingfeat.com/wpthemes/ena/index32f4.html]
[codingfeat.com/wpthemes/ena/wp-login978f.html]
[codingfeat.com/wpthemes/ena/wp-admin/index.html]
[codingfeat.com/wpthemes/ena/wp-loginc2b6.html]
[codingfeat.com/wpthemes/ena/indexd409.html]
[codingfeat.com/wpthemes/ena/index32f4.html]
[codingfeat.com/wpthemes/ena/index412a.html]
[codingfeat.com/wpthemes/ena/wp-admin/images/wordpress-logo7d6b.svg]
[codingfeat.com/wpthemes/ena/wp-login978f.html]
[codingfeat.com/wpthemes/ena/wp-admin/&reauth=1.html]
